truth enum -0.064643  MC(1.2M) -0.065277  notebook asserts -0.06464265
share W2=1 0.0287, W1=1 0.7493
{'seed': 0, 'psi': -0.06409112873633589, 'se': 0.012788993131455971, 'lo': -0.08915709467251973, 'hi': -0.039025162800152065, 'naive': np.float64(-0.04429456336160066), 'cov_truth': np.True_, 'cov_naive': np.True_, 'closer': np.True_}
{'seed': 1, 'psi': -0.10142079857802157, 'se': 0.014527093204243736, 'lo': -0.12989337805839585, 'hi': -0.07294821909764727, 'naive': np.float64(-0.06816849795593881), 'cov_truth': np.False_, 'cov_naive': np.False_, 'closer': np.False_}
{'seed': 2, 'psi': -0.07290967289743096, 'se': 0.013930483831719697, 'lo': -0.1002129194948191, 'hi': -0.045606426300042816, 'naive': np.float64(-0.052851213168489675), 'cov_truth': np.True_, 'cov_naive': np.True_, 'closer': np.True_}
{'seed': 3, 'psi': -0.06510280456479968, 'se': 0.012945486192221412, 'lo': -0.09047549126391422, 'hi': -0.03973011786568515, 'naive': np.float64(-0.05078305007434715), 'cov_truth': np.True_, 'cov_naive': np.True_, 'closer': np.True_}
{'seed': 4, 'psi': -0.07307824656155773, 'se': 0.013209164588353736, 'lo': -0.0989677334205929, 'hi': -0.04718875970252256, 'naive': np.float64(-0.06356395835148883), 'cov_truth': np.True_, 'cov_naive': np.True_, 'closer': np.False_}
{'seed': 5, 'psi': -0.06642767464957158, 'se': 0.013225771651518996, 'lo': -0.09234971075429965, 'hi': -0.04050563854484352, 'naive': np.float64(-0.04731568105428287), 'cov_truth': np.True_, 'cov_naive': np.True_, 'closer': np.True_}
{'seed': 6, 'psi': -0.059699391893054385, 'se': 0.013129422819951947, 'lo': -0.08543258775795852, 'hi': -0.03396619602815025, 'naive': np.float64(-0.04381651402709692), 'cov_truth': np.True_, 'cov_naive': np.True_, 'closer': np.True_}
{'seed': 7, 'psi': -0.07493408494162365, 'se': 0.013752853074695306, 'lo': -0.10188918165269739, 'hi': -0.047978988230549906, 'naive': np.float64(-0.05592865365577045), 'cov_truth': np.True_, 'cov_naive': np.True_, 'closer': np.False_}
{'seed': 8, 'psi': -0.059845750729575584, 'se': 0.013140984764086306, 'lo': -0.08560160758857432, 'hi': -0.03408989387057684, 'naive': np.float64(-0.046399715344493914), 'cov_truth': np.True_, 'cov_naive': np.True_, 'closer': np.True_}
{'seed': 9, 'psi': -0.0629024228216134, 'se': 0.01316929605865746, 'lo': -0.0887137687983273, 'hi': -0.0370910768448995, 'naive': np.float64(-0.04837932598549584), 'cov_truth': np.True_, 'cov_naive': np.True_, 'closer': np.True_}
{'seed': 10, 'psi': -0.06667351090091217, 'se': 0.01339170650843747, 'lo': -0.09292077334898025, 'hi': -0.040426248452844094, 'naive': np.float64(-0.05052351409184809), 'cov_truth': np.True_, 'cov_naive': np.True_, 'closer': np.True_}
{'seed': 11, 'psi': -0.061629717138071194, 'se': 0.013023902244394144, 'lo': -0.08715609647525409, 'hi': -0.0361033378008883, 'naive': np.float64(-0.048430065216599275), 'cov_truth': np.True_, 'cov_naive': np.True_, 'closer': np.True_}
{'seed': 12, 'psi': -0.053124022890838146, 'se': 0.012582479991591544, 'lo': -0.07778523051055342, 'hi': -0.028462815271122877, 'naive': np.float64(-0.03664337288009881), 'cov_truth': np.True_, 'cov_naive': np.True_, 'closer': np.True_}
{'seed': 13, 'psi': -0.04811074271299612, 'se': 0.013147635878466367, 'lo': -0.07387963551663683, 'hi': -0.022341849909355404, 'naive': np.float64(-0.026668403350770087), 'cov_truth': np.True_, 'cov_naive': np.True_, 'closer': np.True_}
{'seed': 14, 'psi': -0.05933609050132577, 'se': 0.013199529745308644, 'lo': -0.08520669341499586, 'hi': -0.033465487587655676, 'naive': np.float64(-0.046241563187530296), 'cov_truth': np.True_, 'cov_naive': np.True_, 'closer': np.True_}
{'seed': 15, 'psi': -0.07616929146438116, 'se': 0.013403116680598697, 'lo': -0.10243891743894265, 'hi': -0.049899665489819674, 'naive': np.float64(-0.05939218625506752), 'cov_truth': np.True_, 'cov_naive': np.True_, 'closer': np.False_}
{'seed': 16, 'psi': -0.07232411756030512, 'se': 0.013848751440283434, 'lo': -0.09946717161410784, 'hi': -0.04518106350650238, 'naive': np.float64(-0.04837549674395339), 'cov_truth': np.True_, 'cov_naive': np.True_, 'closer': np.True_}
{'seed': 17, 'psi': -0.0729003460080924, 'se': 0.01359153526410752, 'lo': -0.09953926562034923, 'hi': -0.046261426395835574, 'naive': np.float64(-0.05987500000000001), 'cov_truth': np.True_, 'cov_naive': np.True_, 'closer': np.False_}
{'seed': 18, 'psi': -0.050038259458542275, 'se': 0.013354739305487045, 'lo': -0.07621306752021834, 'hi': -0.023863451396866214, 'naive': np.float64(-0.027749060482428825), 'cov_truth': np.True_, 'cov_naive': np.True_, 'closer': np.True_}
{'seed': 19, 'psi': -0.06720844747195463, 'se': 0.01316797359618301, 'lo': -0.09301720146984771, 'hi': -0.041399693474061555, 'naive': np.float64(-0.04694320535784652), 'cov_truth': np.True_, 'cov_naive': np.True_, 'closer': np.True_}
{'seed': 20, 'psi': -0.06441758570716724, 'se': 0.01347412895649725, 'lo': -0.09082639318495012, 'hi': -0.03800877822938437, 'naive': np.float64(-0.04944065693991592), 'cov_truth': np.True_, 'cov_naive': np.True_, 'closer': np.True_}
{'seed': 21, 'psi': -0.07880104962914429, 'se': 0.013483355363640998, 'lo': -0.10522794053263561, 'hi': -0.05237415872565297, 'naive': np.float64(-0.051387335640596374), 'cov_truth': np.True_, 'cov_naive': np.False_, 'closer': np.False_}
{'seed': 22, 'psi': -0.0631566313636374, 'se': 0.01386327720817319, 'lo': -0.09032815539935185, 'hi': -0.035985107327922955, 'naive': np.float64(-0.04015439512518798), 'cov_truth': np.True_, 'cov_naive': np.True_, 'closer': np.True_}
{'seed': 23, 'psi': -0.07168227721336148, 'se': 0.013834450860580874, 'lo': -0.09879730264598915, 'hi': -0.04456725178073381, 'naive': np.float64(-0.05072192735716674), 'cov_truth': np.True_, 'cov_naive': np.True_, 'closer': np.True_}
{'seed': 24, 'psi': -0.08875163301329746, 'se': 0.013944570388471546, 'lo': -0.1160824887545854, 'hi': -0.061420777272009515, 'naive': np.float64(-0.06897880539499035), 'cov_truth': np.True_, 'cov_naive': np.True_, 'closer': np.False_}
{'seed': 25, 'psi': -0.09249451183900095, 'se': 0.013983680474023997, 'lo': -0.11990202193940398, 'hi': -0.06508700173859792, 'naive': np.float64(-0.07875773180170023), 'cov_truth': np.False_, 'cov_naive': np.True_, 'closer': np.False_}
{'seed': 26, 'psi': -0.05715110987265026, 'se': 0.012541874310921576, 'lo': -0.08173273182068466, 'hi': -0.032569487924615864, 'naive': np.float64(-0.048700514346914164), 'cov_truth': np.True_, 'cov_naive': np.True_, 'closer': np.True_}
{'seed': 27, 'psi': -0.053132689323957774, 'se': 0.013148861702680072, 'lo': -0.07890398469890872, 'hi': -0.027361393949006822, 'naive': np.float64(-0.04009139615046871), 'cov_truth': np.True_, 'cov_naive': np.True_, 'closer': np.True_}
{'seed': 28, 'psi': -0.0651761830788568, 'se': 0.012988749800132956, 'lo': -0.09063366489131922, 'hi': -0.039718701266394374, 'naive': np.float64(-0.053856362250204765), 'cov_truth': np.True_, 'cov_naive': np.True_, 'closer': np.True_}
{'seed': 29, 'psi': -0.06039653878600357, 'se': 0.013662961775117664, 'lo': -0.08717545178738163, 'hi': -0.0336176257846255, 'naive': np.float64(-0.026210673799515985), 'cov_truth': np.True_, 'cov_naive': np.False_, 'closer': np.True_}
{'seed': 30, 'psi': -0.0763863605105094, 'se': 0.013453103434317154, 'lo': -0.10275395872206314, 'hi': -0.05001876229895566, 'naive': np.float64(-0.046966221154813415), 'cov_truth': np.True_, 'cov_naive': np.False_, 'closer': np.True_}
{'seed': 31, 'psi': -0.055983959081033555, 'se': 0.012739131612574768, 'lo': -0.08095219823599575, 'hi': -0.03101571992607135, 'naive': np.float64(-0.046941380781718334), 'cov_truth': np.True_, 'cov_naive': np.True_, 'closer': np.True_}
{'seed': 32, 'psi': -0.05801083857179541, 'se': 0.013465393971749246, 'lo': -0.08440252579406668, 'hi': -0.03161915134952414, 'naive': np.float64(-0.03555612852116953), 'cov_truth': np.True_, 'cov_naive': np.True_, 'closer': np.True_}
{'seed': 33, 'psi': -0.06749819575143663, 'se': 0.01308033403100236, 'lo': -0.09313517935795489, 'hi': -0.04186121214491838, 'naive': np.float64(-0.04943735200465933), 'cov_truth': np.True_, 'cov_naive': np.True_, 'closer': np.True_}
{'seed': 34, 'psi': -0.07435093421307663, 'se': 0.01394768902547595, 'lo': -0.10168790237057407, 'hi': -0.047013966055579205, 'naive': np.float64(-0.05917816842575924), 'cov_truth': np.True_, 'cov_naive': np.True_, 'closer': np.False_}
{'seed': 35, 'psi': -0.10334480588921555, 'se': 0.01385714152536726, 'lo': -0.1305043042076098, 'hi': -0.07618530757082129, 'naive': np.float64(-0.08112984405511704), 'cov_truth': np.False_, 'cov_naive': np.True_, 'closer': np.False_}
{'seed': 36, 'psi': -0.07188413295834672, 'se': 0.013399226289625296, 'lo': -0.09814613390671456, 'hi': -0.04562213200997889, 'naive': np.float64(-0.05745728222108186), 'cov_truth': np.True_, 'cov_naive': np.True_, 'closer': np.False_}
{'seed': 37, 'psi': -0.0705095496091926, 'se': 0.013838275482150783, 'lo': -0.09763207116235179, 'hi': -0.043387028056033415, 'naive': np.float64(-0.05037969432203948), 'cov_truth': np.True_, 'cov_naive': np.True_, 'closer': np.True_}
{'seed': 38, 'psi': -0.06063323595841208, 'se': 0.013060321391499223, 'lo': -0.0862309955122686, 'hi': -0.03503547640455556, 'naive': np.float64(-0.03733507765863711), 'cov_truth': np.True_, 'cov_naive': np.True_, 'closer': np.True_}
{'seed': 39, 'psi': -0.06844595985121661, 'se': 0.013209132015726545, 'lo': -0.09433538286907561, 'hi': -0.04255653683335762, 'naive': np.float64(-0.04645978199330279), 'cov_truth': np.True_, 'cov_naive': np.True_, 'closer': np.True_}
N 40
coverage of truth 0.925  covers naive 0.9  LTMLE closer than naive 0.725
mean psi - truth -0.0036107130653760602  mean naive - truth 0.014855560289929154  sd psi 0.012246087790818427  mean se 0.013387664489787279
