{'seed': 71, 'resp_rate': np.float64(0.75575), 'w1_resp': np.float64(-0.23231110240286507), 'w1_non': np.float64(0.7630233546222263), 'resp_a0': np.float64(0.747378931602596), 'resp_a1': np.float64(0.7641462193289935), 'unadj': np.float64(1.767874249874738), 'full_psi': 1.189135772436706, 'full_se': 0.06787657174677623, 'full_cov': True, 'cc_psi': 1.4674076888001861, 'cc_se': 0.05807688441645974, 'cc_cov_truth': False, 'cc_cov_resp_sample': True, 'cc_cov_resp_pop': True, 'resp_eff': 1.4090799921625787, 'shift_most': True, 'dist_se': 1.0043186239011914, 'cc_gt_truth': True, 'mild_psi': 1.2230344537119366, 'mild_cov': True, 'attention': 0, 'tipping': 1.305892592732954, 'range': 20.052961790681277, 'nuis_ok': True, 'largest_shift_units': np.float64(6.323665258960471), 'box_ate_cov': True, 'box_rr_cov': True, 'box_or_cov': True, 'box_or_gt_rr': True, 'box_rr_asym': True, 'secs': 0.7520163059234619}
                     count       mean  std        min        25%        50%        75%        max
seed                   1.0  71.000000  NaN  71.000000  71.000000  71.000000  71.000000  71.000000
resp_rate              1.0   0.755750  NaN   0.755750   0.755750   0.755750   0.755750   0.755750
w1_resp                1.0  -0.232311  NaN  -0.232311  -0.232311  -0.232311  -0.232311  -0.232311
w1_non                 1.0   0.763023  NaN   0.763023   0.763023   0.763023   0.763023   0.763023
resp_a0                1.0   0.747379  NaN   0.747379   0.747379   0.747379   0.747379   0.747379
resp_a1                1.0   0.764146  NaN   0.764146   0.764146   0.764146   0.764146   0.764146
unadj                  1.0   1.767874  NaN   1.767874   1.767874   1.767874   1.767874   1.767874
full_psi               1.0   1.189136  NaN   1.189136   1.189136   1.189136   1.189136   1.189136
full_se                1.0   0.067877  NaN   0.067877   0.067877   0.067877   0.067877   0.067877
cc_psi                 1.0   1.467408  NaN   1.467408   1.467408   1.467408   1.467408   1.467408
cc_se                  1.0   0.058077  NaN   0.058077   0.058077   0.058077   0.058077   0.058077
resp_eff               1.0   1.409080  NaN   1.409080   1.409080   1.409080   1.409080   1.409080
dist_se                1.0   1.004319  NaN   1.004319   1.004319   1.004319   1.004319   1.004319
mild_psi               1.0   1.223034  NaN   1.223034   1.223034   1.223034   1.223034   1.223034
attention              1.0   0.000000  NaN   0.000000   0.000000   0.000000   0.000000   0.000000
tipping                1.0   1.305893  NaN   1.305893   1.305893   1.305893   1.305893   1.305893
range                  1.0  20.052962  NaN  20.052962  20.052962  20.052962  20.052962  20.052962
largest_shift_units    1.0   6.323665  NaN   6.323665   6.323665   6.323665   6.323665   6.323665
secs                   1.0   0.752016  NaN   0.752016   0.752016   0.752016   0.752016   0.752016
full_cov              1.0
cc_cov_truth          0.0
cc_cov_resp_sample    1.0
cc_cov_resp_pop       1.0
shift_most            1.0
cc_gt_truth           1.0
mild_cov              1.0
nuis_ok               1.0
box_ate_cov           1.0
box_rr_cov            1.0
box_or_cov            1.0
box_or_gt_rr          1.0
box_rr_asym           1.0
