    seed  rms_q1  rms_q0  mean_abs_g_err   rem_1   rem_0  rem_ate  rms_g0_g
0   8000  0.0632  0.0641          0.0941 -0.0015  0.0013  -0.0028    0.1254
1   8001  0.0666  0.0664          0.0892 -0.0025  0.0010  -0.0035    0.1185
2   8002  0.0633  0.0614          0.0885 -0.0006  0.0002  -0.0008    0.1206
3   8003  0.0616  0.0636          0.0916 -0.0026  0.0008  -0.0034    0.1195
4   8004  0.0617  0.0609          0.0947 -0.0007 -0.0001  -0.0006    0.1239
5   8005  0.0588  0.0623          0.0947 -0.0007  0.0011  -0.0018    0.1212
6   8006  0.0633  0.0613          0.0901 -0.0016 -0.0012  -0.0003    0.1182
7   8007  0.0626  0.0613          0.1011 -0.0009 -0.0018   0.0010    0.1285
8   8008  0.0622  0.0636          0.1004 -0.0006 -0.0006   0.0000    0.1258
9   8009  0.0604  0.0647          0.0952 -0.0033  0.0026  -0.0059    0.1277
10  8010  0.0659  0.0676          0.0955 -0.0004  0.0013  -0.0017    0.1253
11  8011  0.0645  0.0647          0.0953 -0.0004  0.0013  -0.0016    0.1278
12  8012  0.0630  0.0667          0.0863 -0.0017  0.0004  -0.0021    0.1230
13  8013  0.0608  0.0598          0.1003 -0.0014  0.0002  -0.0016    0.1303
14  8014  0.0681  0.0661          0.0952 -0.0028 -0.0004  -0.0025    0.1275
15  8015  0.0642  0.0628          0.1007 -0.0020  0.0009  -0.0029    0.1292
16  8016  0.0677  0.0639          0.0974 -0.0018  0.0014  -0.0032    0.1272
17  8017  0.0633  0.0681          0.0930 -0.0030 -0.0004  -0.0026    0.1293
18  8018  0.0586  0.0622          0.0995 -0.0009 -0.0009   0.0001    0.1305
19  8019  0.0632  0.0639          0.0914 -0.0017  0.0001  -0.0019    0.1219
      rms_q1  rms_q0  mean_abs_g_err   rem_1   rem_0  rem_ate  rms_g0_g
mean  0.0631  0.0638          0.0947 -0.0016  0.0004  -0.0019    0.1251
std   0.0026  0.0023          0.0043  0.0009  0.0011   0.0016    0.0040
