0 0.8 W3 W1|W3
1 1.5  W1|W3
2 2.4  W2|W1
3 3.4  W1|W3
4 4.4  W1|W3
5 5.4 W3 W1|W3
6 6.4  W1|W3
7 7.2 W3 W1|W3
8 8.1 W3 W3
9 9.0  W3|W1
10 9.8  W3|W1
11 10.7  W1|W3
12 11.6  W3|W1
13 12.4 W3 W1|W3
14 13.3 W3 W3|W1
15 14.0  W1|W3
16 14.8  W3|W1
17 15.6  W3|W1
18 16.5  W1|W3
19 17.4 W3 W1|W3
20 18.3  W1|W3
21 19.3  W1|W3
22 20.2  W3|W1
23 21.2  W1|W3
24 22.1 W3 W1|W3
25 23.1 W3 W1|W3
26 24.0  W3|W1
27 24.9  W1|W3
28 25.8  W1|W3
29 26.7  W3|W1|W2
30 27.5  W1|W3
31 28.4 W3|W1 W3|W1
32 29.2 W3 W1|W3
33 30.1 W3 W1|W3
34 31.0  W3|W1
35 32.0  W3|W1
36 33.1  W3|W1
37 34.1  W3|W1
38 35.2  W3|W1
39 36.3 W3|W1 W3|W1
40 37.3  W3|W1
41 38.4  W3|W1
42 39.6  W3|W1
43 40.6  W3|W1
44 41.8 W3 W1|W3
45 42.9 W1|W2 W1|W3
46 44.2 W3 W3|W2|W1
47 45.2  W3|W1
48 46.2  W1|W3
49 47.4  W3|W1
50 48.7  W1|W3
51 49.8 W3 W1|W3
52 50.9 W3 W3|W1
53 52.2 W3|W1|W2 W1|W3|W2
54 53.4  W3|W1
55 54.6  W3|W1
56 55.9 W3 W1|W3|W2
57 57.1  W1|W3
58 58.3 W3 W3|W1
59 59.3 W3|W1 W1|W3
60 60.4  W1|W3
61 61.4  W1|W3
62 62.6  W3|W1
63 63.6  W1|W3
64 64.7 W3|W1 W3|W1
65 65.7  W1|W3
66 66.7 W3 W1|W3
67 67.9 W3 W1|W3
68 69.0  W3|W1
69 70.1 W3 W3|W1
70 71.1 W3|W1 W3|W1
71 72.5  W3|W1
72 73.6 W3 W1|W3
73 74.7  W1|W3
74 75.9  W1|W3
75 77.0  W3|W1
76 78.1 W3 W1|W3
77 79.2 W3|W1 W1|W3
78 80.3 W1 W3|W1
79 81.3  W3|W1|W2
80 82.4 W3 W3|W1
81 83.4 W3 W1|W3|W2
82 84.4  W3|W1
83 85.6 W3|W1 W2|W1|W3
84 86.8 W1|W3 W3|W1
85 88.5  W1|W3
86 89.9  W1|W3
87 91.0  W1|W3
88 92.2  W1|W3
89 93.5  W3|W1
90 94.9 W3 W3|W1
91 96.2 W3 W1|W3
92 97.4 W3 W1|W3
93 98.6 W3 W1|W3
94 99.9 W3|W1 W1|W3
95 101.3 W3|W1 W1|W3|W2
96 102.8  W1|W3
97 104.1  W3|W1
98 105.6 W3|W1 W1|W3
99 106.8  W1|W3
100 108.1  W3|W1
101 109.2  W1|W3
102 110.3 W3 W1|W3
103 111.3  W1|W3
104 112.4 W3 W1|W3
105 113.5 W3 W1|W3
106 115.1 W3 W3|W1
107 116.9  W3|W1
108 118.3 W3|W1 W1|W3
109 119.4 W3 W3|W1
110 120.5  W3|W1
111 121.7 W3|W1 W3|W1
112 123.6 W3|W1 W3|W1
113 125.0  W1|W3
114 126.4 W3|W1 W1|W3
115 127.7  W1|W3
116 129.1 W3|W1 W3|W1
117 130.3 W3|W1 W3|W1
118 131.3 W3|W1 W1|W3
119 132.4 W3|W1 W3|W1
120 133.5 W3|W1 W1|W3
121 134.5 W3|W1 W3|W1
122 135.9  W3|W1
123 137.3 W3 W3|W1
124 138.8 W3|W1 W1|W3
125 140.1 W3 W3|W1
126 141.2  W3|W1|W2
127 142.4  W3|W1
128 143.7  W3|W1
129 145.3 W3|W1 W3|W1
130 146.5  W3|W1
131 147.6  W2|W3|W1
132 149.3  W1|W3
133 150.7 W3 W1|W3
134 152.5  W1|W3
135 154.2  W1|W3
136 155.5  W1|W3
137 156.7  W1|W3
138 157.9  W3|W1
139 159.2  W3|W1
140 160.5  W3|W1
141 161.7  W3|W1
142 162.8 W3 W1|W3
143 163.9 W3 W3|W1
144 165.1 W3|W1 W3|W1
145 166.3  W1|W3
146 167.3  W3|W1
147 168.4 W3 W3|W1
148 169.5  W3|W1
149 170.5  W3|W1
150 171.8 W3|W1 W1|W3
151 172.9  W1|W3
152 174.0  W1|W3
153 175.1  W3|W1
154 176.2  W3|W1
155 177.5 W3 W1|W3|W2
156 178.8 W3 W1|W3
157 180.0  W3|W1
158 181.3  W3|W1
159 182.6 W3|W1 W3|W1
160 183.7  W3|W1
161 185.4  W1|W3
162 186.9  W1|W3
163 187.9 W2|W3 W1|W3
164 189.2 W3 W1|W3
165 190.7 W1 W3|W1|W2
166 192.2 W3 W3|W1
167 193.3 W3|W1 W3|W1
168 194.5  W1|W3|W2
169 195.7 W3|W1 W3|W1
170 197.0  W1|W3
171 198.1  W3|W1
172 199.3  W3|W1
173 200.7 W2 W1|W3
174 202.2 W3 W3|W1
175 203.4  W1|W3
176 204.5  W3|W1
177 205.6  W3|W1
178 206.6 W3 W3|W1
179 207.7  W1|W3
180 208.8  W3|W1
181 209.9 W3 W1|W3
182 211.1 W3 W3|W1|W2
183 212.2  W3|W1
184 213.5 W3|W1 W1|W3
185 214.6  W1|W3
186 215.9 W1 W1|W3
187 217.0  W3|W1
188 218.2  W3|W1|W2
189 219.5  W1|W3
190 220.7 W3|W1 W3|W1
191 221.9 W3 W1|W3
192 223.1 W3 W1
193 224.1  W1|W3
194 225.2  W1|W3
195 226.3 W3 W1|W3
196 227.5  W3|W1|W2
197 228.5  W3|W1
198 229.6 W3 W1|W3
199 230.8 W3 W1|W3
200 232.0  W1|W3
201 233.0 W3|W1 W3|W1
202 234.1 W3 W1|W3
203 235.2  W1|W3
204 236.3  W1|W3
205 237.3  W1|W3
206 238.3  W3|W1
207 239.4  W1|W3
208 240.5 W1 W3|W1
209 241.7  W3|W1
210 243.0 W2|W1 W3|W1
211 244.4  W3|W1
212 245.7  W3|W1
213 246.9 W3 W3|W1
214 248.1  W3|W1
215 249.3 W3 W1|W3
216 250.5  W1|W3
217 251.9 W3 W3|W1
218 253.1  W3|W1
219 254.2 W3 W3|W1
220 255.4  W3|W1
221 256.6  W1|W3
222 257.7 W3|W1 W3|W1
223 258.9 W3|W1 W1|W3
224 260.3  W3|W1
225 261.4 W3 W1
226 262.7  W3|W1|W2
227 263.9 W3|W1 W3|W1
228 265.1 W3 W1|W3
229 266.6  W1|W3|W2
230 267.6 W3 W1|W3
231 268.7 W3 W3|W1
232 269.9 W3|W1 W1|W3
233 271.2 W3|W1 W3|W1
234 272.6  W3|W1
235 273.8  W1|W3
236 275.0  W1|W3|W2
237 276.2  W3|W2|W1
238 277.3  W3|W1
239 278.6  W1|W3
240 279.9  W3|W1|W2
241 281.0 W3 W3|W1
242 282.1  W1|W3
243 283.5 W3|W1 W3|W1
244 284.8  W3|W1
245 286.2  W1|W3
246 287.4  W1|W3
247 288.6  W1|W3|W2
248 289.8 W3 W3|W1
249 291.0 W3 W1|W3
250 292.1 W1 W1|W3
251 293.5  W3|W1
252 295.1 W3 W1|W3
253 296.4  W3|W1
254 297.9 W3 W1|W3
255 299.0  W3|W1
256 300.2 W1 W1|W3
257 301.3 W3|W1 W3|W1
258 302.5  W3|W1
259 303.6 W3|W1 W3|W1
260 304.7 W3 W3|W1
261 305.8 W2 W3|W1
262 306.9  W1|W3
263 308.3 W3 W3|W1
264 309.5 W3|W1 W1|W3
265 310.7 W3 W1|W3
266 311.8  W1|W3
267 312.9 W3 W1|W3
268 314.3 W3|W1 W3|W1
269 315.4  W1|W3
270 316.5 W3|W1 W3|W1
271 317.7  W3|W1|W2
272 318.8  W3|W1
273 319.8  W3|W1
274 320.9 W3 W3|W1
275 321.9  W1|W3
276 323.0  W3|W1
277 323.9  W3|W1
278 325.0 W3 W3|W1
279 326.1  W1|W3
280 327.1 W3|W1 W1|W3
281 328.2 W3|W1 W3|W1
282 329.3  W1|W3
283 330.4 W3|W1 W3|W1
284 331.7  W1|W3
285 332.9 W3 W1|W3
286 334.0  W1|W3
287 335.0 W3 W3|W1
288 336.0  W3|W1
289 337.1  W3|W1
290 338.1  W3|W1
291 339.2  W1|W3
292 340.1  W3|W1
293 341.2 W2 W1|W3
294 342.3  W1|W3
295 343.4 W2|W3 W1|W3
296 344.4 W3 W3|W1
297 345.4  W3|W1|W2
298 346.5  W1|W3
299 347.6  W1|W3
exit 0
