quadrature, 60 nodes per axis
  exit always t=1                           0.149736
  exit always t=2                           0.317166
  readmission always t=1                    0.118721
  readmission always t=2                    0.246694
  death always t=1                          0.031015
  death always t=2                          0.070472
  death-first always t=1                    0.122653
  death-first always t=2                    0.264627
  readmission-first always t=2              0.251680
  exit never t=1                            0.257943
  exit never t=2                            0.455195
  readmission never t=1                     0.145230
  readmission never t=2                     0.244344
  death never t=1                           0.112712
  death never t=2                           0.210852
  death-first never t=1                     0.164760
  death-first never t=2                     0.304906
  readmission-first never t=2               0.260970
  exit always-never t=1                    -0.108207
  exit always-never t=2                    -0.138029
  readmission always-never t=1             -0.026509
  readmission always-never t=2              0.002350
  death always-never t=1                   -0.081698
  death always-never t=2                   -0.140380
  death-first always-never t=1             -0.042108
  death-first always-never t=2             -0.040279
  readmission-first always-never t=2       -0.009290
  event-free always t=1                     0.850264
  event-free always t=2                     0.682834
  event-free never t=1                      0.742057
  event-free never t=2                      0.544805
simulation, 4000000 units (Monte Carlo SE at most 0.00025)
  exit always t=1                           0.149585   quadrature  0.149736
  exit always t=2                           0.317273   quadrature  0.317166
  readmission always t=2                    0.246593   quadrature  0.246694
  death always t=2                          0.070680   quadrature  0.070472
  exit never t=1                            0.258147   quadrature  0.257943
  exit never t=2                            0.455442   quadrature  0.455195
  readmission never t=2                     0.244511   quadrature  0.244344
  death never t=2                           0.210931   quadrature  0.210852
