 draw     truth       psi       se    ci_low   ci_high     naive  covers_truth  covers_naive
    0 -0.064643 -0.064091 0.012789 -0.089157 -0.039025 -0.044295          True          True
    1 -0.064643 -0.101421 0.014527 -0.129893 -0.072948 -0.068168         False         False
    2 -0.064643 -0.072910 0.013930 -0.100213 -0.045606 -0.052851          True          True
    3 -0.064643 -0.065103 0.012945 -0.090475 -0.039730 -0.050783          True          True
    4 -0.064643 -0.073078 0.013209 -0.098968 -0.047189 -0.063564          True          True
    5 -0.064643 -0.066428 0.013226 -0.092350 -0.040506 -0.047316          True          True
    6 -0.064643 -0.059699 0.013129 -0.085433 -0.033966 -0.043817          True          True
    7 -0.064643 -0.074934 0.013753 -0.101889 -0.047979 -0.055929          True          True
    8 -0.064643 -0.059846 0.013141 -0.085602 -0.034090 -0.046400          True          True
    9 -0.064643 -0.062902 0.013169 -0.088714 -0.037091 -0.048379          True          True
   10 -0.064643 -0.066674 0.013392 -0.092921 -0.040426 -0.050524          True          True
   11 -0.064643 -0.061630 0.013024 -0.087156 -0.036103 -0.048430          True          True
   12 -0.064643 -0.053124 0.012582 -0.077785 -0.028463 -0.036643          True          True
   13 -0.064643 -0.048111 0.013148 -0.073880 -0.022342 -0.026668          True          True
   14 -0.064643 -0.059336 0.013200 -0.085207 -0.033465 -0.046242          True          True
   15 -0.064643 -0.076169 0.013403 -0.102439 -0.049900 -0.059392          True          True
   16 -0.064643 -0.072324 0.013849 -0.099467 -0.045181 -0.048375          True          True
   17 -0.064643 -0.072900 0.013592 -0.099539 -0.046261 -0.059875          True          True
   18 -0.064643 -0.050038 0.013355 -0.076213 -0.023863 -0.027749          True          True
   19 -0.064643 -0.067208 0.013168 -0.093017 -0.041400 -0.046943          True          True
   20 -0.064643 -0.064418 0.013474 -0.090826 -0.038009 -0.049441          True          True
   21 -0.064643 -0.078801 0.013483 -0.105228 -0.052374 -0.051387          True         False
   22 -0.064643 -0.063157 0.013863 -0.090328 -0.035985 -0.040154          True          True
   23 -0.064643 -0.071682 0.013834 -0.098797 -0.044567 -0.050722          True          True
   24 -0.064643 -0.088752 0.013945 -0.116082 -0.061421 -0.068979          True          True
   25 -0.064643 -0.092495 0.013984 -0.119902 -0.065087 -0.078758         False          True
   26 -0.064643 -0.057151 0.012542 -0.081733 -0.032569 -0.048701          True          True
   27 -0.064643 -0.053133 0.013149 -0.078904 -0.027361 -0.040091          True          True
   28 -0.064643 -0.065176 0.012989 -0.090634 -0.039719 -0.053856          True          True
   29 -0.064643 -0.060397 0.013663 -0.087175 -0.033618 -0.026211          True         False
   30 -0.064643 -0.076386 0.013453 -0.102754 -0.050019 -0.046966          True         False
   31 -0.064643 -0.055984 0.012739 -0.080952 -0.031016 -0.046941          True          True
   32 -0.064643 -0.058011 0.013465 -0.084403 -0.031619 -0.035556          True          True
   33 -0.064643 -0.067498 0.013080 -0.093135 -0.041861 -0.049437          True          True
   34 -0.064643 -0.074351 0.013948 -0.101688 -0.047014 -0.059178          True          True
   35 -0.064643 -0.103345 0.013857 -0.130504 -0.076185 -0.081130         False          True
   36 -0.064643 -0.071884 0.013399 -0.098146 -0.045622 -0.057457          True          True
   37 -0.064643 -0.070510 0.013838 -0.097632 -0.043387 -0.050380          True          True
   38 -0.064643 -0.060633 0.013060 -0.086231 -0.035035 -0.037335          True          True
   39 -0.064643 -0.068446 0.013209 -0.094335 -0.042557 -0.046460          True          True
   40 -0.064643 -0.072194 0.013947 -0.099530 -0.044858 -0.049390          True          True
   41 -0.064643 -0.042652 0.012877 -0.067890 -0.017414 -0.026275          True          True
   42 -0.064643 -0.076462 0.013381 -0.102689 -0.050234 -0.059150          True          True
   43 -0.064643 -0.066914 0.013352 -0.093084 -0.040745 -0.048610          True          True
   44 -0.064643 -0.035649 0.012601 -0.060346 -0.010952 -0.021772         False          True
   45 -0.064643 -0.028747 0.012068 -0.052400 -0.005094 -0.018583         False          True
   46 -0.064643 -0.066778 0.013147 -0.092546 -0.041009 -0.052763          True          True
   47 -0.064643 -0.075107 0.014040 -0.102625 -0.047590 -0.060629          True          True
   48 -0.064643 -0.057993 0.013324 -0.084107 -0.031878 -0.035994          True          True
   49 -0.064643 -0.083030 0.014398 -0.111251 -0.054810 -0.055279          True          True
   50 -0.064643 -0.054718 0.012907 -0.080015 -0.029420 -0.045134          True          True
   51 -0.064643 -0.063977 0.013359 -0.090159 -0.037795 -0.045960          True          True
   52 -0.064643 -0.077916 0.013878 -0.105116 -0.050715 -0.059977          True          True
   53 -0.064643 -0.048202 0.012948 -0.073580 -0.022824 -0.035609          True          True
   54 -0.064643 -0.068488 0.013165 -0.094290 -0.042686 -0.052616          True          True
   55 -0.064643 -0.085840 0.013776 -0.112840 -0.058839 -0.062545          True          True
   56 -0.064643 -0.057287 0.013315 -0.083385 -0.031189 -0.046226          True          True
   57 -0.064643 -0.043726 0.012735 -0.068686 -0.018766 -0.033686          True          True
   58 -0.064643 -0.073954 0.013094 -0.099617 -0.048290 -0.061430          True          True
   59 -0.064643 -0.057844 0.013531 -0.084365 -0.031323 -0.038468          True          True

first 40: interval contains the truth 37/40; contains the naive contrast 36/40; mean naive - truth 0.0149; mean se 0.0134
all 60: interval contains the truth 55/60; contains the naive contrast 56/60; mean naive - truth 0.0163; mean se 0.0134
