 seed  gap_over_se  max_score_after   nu2  cf_g_min  propensity_cal_slope  outcome_cal_slope     rv  bench_cf_y  bench_cf_d  sensitivity_ran error
    0 1.830200e-15     9.864794e-19 4.140  0.266139                0.9129             0.8804 0.1348      0.0000      0.0106             True      
    1 2.112503e-05     7.679043e-19 4.127  0.317155                0.9035             0.8743 0.1443      0.0000      0.0056             True      
    2 3.485943e-15     1.270685e-19 4.192  0.276387                0.9519             0.9619 0.1448      0.0001      0.0210             True      
    3 1.415857e-06     2.058539e-19 4.125  0.241257                0.9382             0.8934 0.1518      0.0000      0.0067             True      
    4 7.895164e-06     3.261280e-19 4.175  0.313895                0.9324             0.9316 0.1448      0.0002      0.0181             True      
    5 2.011453e-06     9.992007e-19 4.119  0.230419                0.9208             0.8815 0.1435      0.0008      0.0023             True      
    6 1.049951e-13     5.435467e-20 4.143  0.294307                0.9072             0.8772 0.1439      0.0007      0.0081             True      
    7 1.194719e-14     1.573105e-18 4.128  0.229252                0.9024             0.8810 0.1452      0.0002      0.0068             True      
    8 2.712069e-06     2.844947e-19 4.112  0.319087                0.8842             0.9312 0.1514      0.0004      0.0055             True      
    9 1.266021e-07     8.095376e-20 4.173  0.254048                0.9409             0.8652 0.1399      0.0000      0.0105             True      
   10 8.465008e-11     2.093233e-19 4.133  0.220802                0.9027             0.8813 0.1396      0.0019      0.0110             True      
   11 6.207984e-06     1.023487e-18 4.151  0.258530                0.8529             0.9365 0.1286      0.0000      0.0218             True      
   12 6.294089e-07     1.399344e-18 4.224  0.269510                0.9513             0.8286 0.1504      0.0001      0.0225             True      
   13 9.077438e-13     2.212712e-18 4.094  0.322660                0.8388             0.9158 0.1426      0.0000      0.0103             True      
   14 3.857992e-10     3.145632e-19 4.182  0.288892                0.9503             0.8196 0.1427      0.0014      0.0127             True      
   15 2.129253e-08     1.272131e-18 4.205  0.253671                0.9579             0.8330 0.1425      0.0000      0.0154             True      
   16 1.007667e-04     2.442346e-19 4.128  0.308372                0.9049             0.8519 0.1408      0.0001      0.0114             True      
   17 3.620012e-06     3.000349e-18 4.171  0.308098                0.9348             0.8772 0.1479      0.0014      0.0123             True      
   18 1.570707e-05     2.174187e-19 4.189  0.235600                0.9768             0.9729 0.1423      0.0003      0.0121             True      
   19 4.318774e-08     1.394718e-18 4.157  0.298742                0.9334             0.8721 0.1399      0.0000      0.0155             True      
   20 1.693958e-15     1.815677e-19 4.156  0.296239                0.9095             0.8976 0.1449      0.0003      0.0105             True      
   21 6.703407e-06     4.388850e-19 4.208  0.254358                0.9946             0.8711 0.1443      0.0000      0.0150             True      
   22 1.759985e-14     2.175488e-18 4.159  0.315142                0.9456             0.9130 0.1412      0.0000      0.0076             True      
   23 9.944453e-15     4.036123e-19 4.170  0.256995                0.9296             0.9894 0.1484      0.0006      0.0171             True      
   24 7.619466e-06     1.709281e-18 4.198  0.272757                0.9444             0.8978 0.1397      0.0000      0.0177             True      
   25 1.780077e-14     2.105810e-18 4.091  0.295507                0.8422             0.8757 0.1407      0.0000      0.0029             True      
   26 2.860373e-13     3.885781e-18 4.162  0.294833                0.9357             0.9383 0.1404      0.0000      0.0110             True      
   27 4.236022e-05     7.528700e-19 4.140  0.260709                0.8771             0.8145 0.1377      0.0003      0.0083             True      
   28 6.428186e-15     5.827225e-19 4.159  0.296169                0.9289             0.8374 0.1558      0.0000      0.0090             True      
   29 0.000000e+00     4.440892e-19 4.137  0.302475                0.8596             0.9612 0.1398      0.0000      0.0105             True      
 2026 1.956162e-05     1.156482e-19 4.175  0.268936                0.9050             0.9505 0.1423      0.0006      0.0081             True      
