1000 0.8s
1001 0.6s
1002 0.6s
1003 0.6s
1004 0.6s
1005 0.7s
1006 0.6s
1007 0.6s
1008 0.6s
1009 0.6s
1010 0.6s
1011 0.6s
1012 0.6s
1013 0.6s
1014 0.5s
1015 0.6s
1016 0.6s
1017 0.6s
1018 0.6s
1019 0.6s
1020 0.6s
1021 0.6s
1022 0.7s
1023 0.6s
1024 0.8s
1025 0.7s
1026 0.7s
1027 0.7s
1028 0.8s
1029 0.7s
1030 0.7s
1031 0.8s
1032 0.8s
1033 0.7s
1034 0.7s
1035 0.7s
1036 0.8s
1037 0.7s
1038 0.7s
1039 0.7s
1040 0.7s
1041 0.8s
1042 0.7s
1043 0.8s
1044 0.7s
1045 0.7s
1046 0.8s
1047 0.7s
1048 0.8s
1049 0.9s
1050 0.7s
1051 0.8s
1052 0.9s
1053 0.7s
1054 0.7s
1055 0.7s
1056 0.7s
1057 0.7s
1058 0.7s
1059 0.7s
1060 0.8s
1061 0.6s
1062 0.6s
1063 0.7s
1064 0.7s
1065 0.9s
1066 0.8s
1067 0.7s
1068 0.6s
1069 0.7s
1070 0.6s
1071 0.7s
1072 0.7s
1073 0.7s
1074 0.7s
1075 0.7s
1076 0.7s
1077 0.8s
1078 1.1s
1079 1.0s
1080 0.9s
1081 1.1s
1082 0.9s
1083 0.7s
1084 0.7s
1085 0.7s
1086 0.9s
1087 0.7s
1088 0.7s
1089 0.8s
1090 1.0s
1091 1.0s
1092 0.8s
1093 0.7s
1094 0.9s
1095 1.0s
1096 0.8s
1097 0.7s
1098 0.7s
1099 0.8s
1100 0.8s
1101 0.8s
1102 1.0s
1103 1.1s
1104 0.7s
1105 0.9s
1106 0.8s
1107 0.8s
1108 1.1s
1109 1.0s
1110 1.0s
1111 1.0s
1112 0.7s
1113 1.1s
1114 1.1s
1115 1.2s
1116 1.0s
1117 0.8s
1118 1.0s
1119 1.1s
1120 0.8s
1121 0.7s
1122 0.7s
1123 0.7s
1124 0.9s
1125 1.1s
1126 1.3s
1127 1.0s
1128 0.7s
1129 0.7s
1130 0.9s
1131 0.9s
1132 1.2s
1133 1.0s
1134 1.1s
1135 0.8s
1136 0.8s
1137 1.2s
1138 1.2s
1139 1.3s
1140 0.8s
1141 0.7s
1142 0.7s
1143 0.7s
1144 0.7s
1145 0.7s
1146 0.7s
1147 0.8s
1148 1.0s
1149 1.1s
1150 1.1s
1151 1.1s
1152 1.1s
1153 1.1s
1154 1.0s
1155 1.1s
1156 1.2s
1157 1.1s
1158 1.1s
1159 0.8s
1160 0.8s
1161 0.7s
1162 0.8s
1163 1.1s
1164 1.1s
1165 1.2s
1166 1.0s
1167 1.0s
1168 0.9s
1169 1.0s
1170 1.1s
1171 0.9s
1172 1.1s
1173 1.1s
1174 1.2s
1175 0.9s
1176 1.0s
1177 1.1s
1178 1.1s
1179 1.0s
1180 1.0s
1181 1.0s
1182 1.0s
1183 1.0s
1184 1.0s
1185 1.1s
1186 0.9s
1187 1.0s
1188 1.0s
1189 0.9s
1190 0.9s
1191 1.0s
1192 1.1s
1193 1.1s
1194 1.1s
1195 0.7s
1196 1.1s
1197 1.2s
1198 1.1s
1199 0.9s
