1000 1.5s
1001 1.0s
1002 0.9s
1003 1.0s
1004 0.9s
1005 1.0s
1006 0.9s
1007 0.9s
1008 0.9s
1009 0.9s
1010 1.3s
1011 0.9s
1012 1.0s
1013 0.8s
1014 0.9s
1015 1.1s
1016 0.8s
1017 0.9s
1018 0.9s
1019 1.2s
1020 1.2s
1021 0.9s
1022 0.9s
1023 1.0s
1024 0.8s
1025 0.9s
1026 0.9s
1027 0.8s
1028 0.8s
1029 1.0s
1030 1.1s
1031 0.9s
1032 0.9s
1033 0.8s
1034 0.9s
1035 0.9s
1036 0.9s
1037 0.9s
1038 0.9s
1039 0.9s
1040 1.1s
1041 1.1s
1042 0.9s
1043 1.3s
1044 1.2s
1045 1.1s
1046 1.1s
1047 0.9s
1048 0.9s
1049 1.1s
1050 0.9s
1051 0.9s
1052 0.8s
1053 0.9s
1054 0.9s
1055 1.1s
1056 1.0s
1057 1.2s
1058 1.0s
1059 1.0s
1060 0.9s
1061 1.0s
1062 1.1s
1063 1.2s
1064 0.9s
1065 1.3s
1066 1.3s
1067 1.1s
1068 1.1s
1069 1.0s
1070 1.3s
1071 1.0s
1072 0.9s
1073 1.1s
1074 0.9s
1075 1.4s
1076 0.9s
1077 1.4s
1078 1.4s
1079 1.2s
1080 1.4s
1081 1.2s
1082 0.9s
1083 0.8s
1084 1.0s
1085 1.2s
1086 1.6s
1087 1.3s
1088 1.2s
1089 1.3s
1090 1.5s
1091 1.1s
1092 1.5s
1093 1.5s
1094 1.6s
1095 1.5s
1096 1.2s
1097 0.9s
1098 0.9s
1099 1.2s
1100 1.1s
1101 1.1s
1102 1.0s
1103 1.3s
1104 1.4s
1105 1.6s
1106 1.3s
1107 1.3s
1108 1.4s
1109 1.0s
1110 1.0s
1111 1.0s
1112 1.4s
1113 1.2s
1114 1.2s
1115 1.2s
1116 1.3s
1117 1.2s
1118 1.4s
1119 1.5s
1120 1.2s
1121 1.3s
1122 1.4s
1123 1.0s
1124 0.9s
1125 1.3s
1126 1.4s
1127 1.4s
1128 1.3s
1129 0.8s
1130 1.3s
1131 1.3s
1132 1.4s
1133 1.5s
1134 1.4s
1135 1.0s
1136 1.2s
1137 1.4s
1138 1.1s
1139 0.9s
1140 1.1s
1141 1.0s
1142 1.4s
1143 0.9s
1144 1.0s
1145 0.9s
1146 1.0s
1147 1.0s
1148 1.1s
1149 1.0s
1150 1.0s
1151 1.0s
1152 0.9s
1153 1.0s
1154 1.2s
1155 1.1s
1156 1.2s
1157 1.1s
1158 1.2s
1159 1.3s
1160 1.3s
1161 1.3s
1162 1.3s
1163 1.1s
1164 1.0s
1165 1.0s
1166 1.2s
1167 1.1s
1168 1.0s
1169 0.9s
1170 0.9s
1171 1.0s
1172 0.9s
1173 0.9s
1174 1.0s
1175 0.9s
1176 0.9s
1177 0.9s
1178 1.0s
1179 0.9s
1180 0.8s
1181 0.9s
1182 0.9s
1183 0.9s
1184 0.9s
1185 0.8s
1186 0.9s
1187 1.0s
1188 1.0s
1189 0.9s
1190 0.9s
1191 1.1s
1192 0.9s
1193 1.0s
1194 1.0s
1195 0.9s
1196 0.9s
1197 0.9s
1198 1.0s
1199 1.0s
1200 1.1s
1201 1.0s
1202 1.0s
1203 1.0s
1204 1.0s
1205 1.0s
1206 1.0s
1207 0.9s
1208 0.9s
1209 1.0s
1210 1.1s
1211 1.2s
1212 1.2s
1213 1.1s
1214 1.1s
1215 1.0s
1216 1.1s
1217 0.9s
1218 1.1s
1219 1.1s
1220 1.0s
1221 1.0s
1222 1.0s
1223 1.0s
1224 0.9s
1225 1.0s
1226 1.0s
1227 1.2s
1228 1.2s
1229 1.1s
1230 1.0s
1231 1.2s
1232 1.2s
1233 1.1s
1234 0.9s
1235 1.4s
1236 1.3s
1237 1.2s
1238 1.3s
1239 0.9s
1240 1.0s
1241 0.9s
1242 1.0s
1243 1.2s
1244 1.0s
1245 0.9s
1246 0.9s
1247 1.0s
1248 1.1s
1249 0.9s
1250 0.9s
1251 1.0s
1252 1.0s
1253 0.9s
1254 1.2s
1255 0.9s
1256 0.9s
1257 1.0s
1258 1.2s
1259 1.1s
1260 1.0s
1261 1.1s
1262 0.9s
1263 0.9s
1264 0.9s
1265 0.9s
1266 0.9s
1267 0.9s
1268 0.9s
1269 0.9s
1270 0.9s
1271 0.9s
1272 0.8s
1273 1.0s
1274 1.0s
1275 0.8s
1276 1.0s
1277 1.0s
1278 1.1s
1279 1.0s
1280 0.8s
1281 0.8s
1282 0.9s
1283 1.0s
1284 0.8s
1285 0.9s
1286 0.9s
1287 1.0s
1288 0.9s
1289 1.1s
1290 0.9s
1291 0.9s
1292 0.9s
1293 0.8s
1294 1.0s
1295 0.8s
1296 0.8s
1297 0.9s
1298 0.8s
1299 0.8s
1300 0.9s
1301 0.8s
1302 0.8s
1303 0.7s
1304 0.8s
1305 0.8s
1306 0.8s
1307 0.8s
1308 0.8s
1309 0.8s
1310 0.8s
1311 0.8s
1312 0.7s
1313 0.8s
1314 0.8s
1315 0.8s
1316 0.8s
1317 0.8s
1318 0.7s
1319 0.8s
1320 0.8s
1321 0.8s
1322 0.8s
1323 0.9s
1324 0.8s
1325 0.8s
1326 0.8s
1327 0.8s
1328 0.8s
1329 0.9s
1330 0.8s
1331 0.9s
1332 0.8s
1333 0.8s
1334 0.7s
1335 0.8s
1336 0.8s
1337 0.8s
1338 0.9s
1339 0.8s
1340 0.9s
1341 0.8s
1342 0.9s
1343 0.8s
1344 0.8s
1345 0.7s
1346 0.7s
1347 0.8s
1348 0.8s
1349 0.8s
1350 0.9s
1351 0.9s
1352 0.8s
1353 0.8s
1354 0.8s
1355 0.8s
1356 0.8s
1357 0.8s
1358 0.8s
1359 0.8s
1360 0.8s
1361 0.8s
1362 0.8s
1363 0.8s
1364 0.8s
1365 0.8s
1366 0.8s
1367 0.8s
1368 0.8s
1369 0.8s
1370 0.8s
1371 0.7s
1372 0.7s
1373 0.7s
1374 0.7s
1375 0.7s
1376 0.7s
1377 0.7s
1378 0.7s
1379 0.7s
1380 0.6s
1381 0.6s
1382 0.7s
1383 0.7s
1384 0.7s
1385 0.7s
1386 0.7s
1387 0.7s
1388 0.7s
1389 0.7s
1390 0.6s
1391 0.6s
1392 0.5s
1393 0.6s
1394 0.7s
1395 0.7s
1396 0.6s
1397 0.7s
1398 0.7s
1399 0.7s
